new:173:33:void* operator new(std::size_t, void*)	16	static
gthr-default.h:229:1:int __gthread_key_delete(__gthread_key_t)	16	static
message.h:72:13:etl::imessage::~imessage()	16	static
message.h:72:13:virtual etl::imessage::~imessage()	16	static
shared_message.h:82:5:etl::shared_message::shared_message(const etl::shared_message&)	16	static
shared_message.h:147:5:etl::shared_message::~shared_message()	16	static
shared_message.h:159:34:etl::imessage& etl::shared_message::get_message()	16	static
message_router.h:112:13:etl::imessage_router::~imessage_router()	16	static
message_router.h:112:13:virtual etl::imessage_router::~imessage_router()	16	static
message_router.h:120:18:virtual void etl::imessage_router::receive(etl::message_router_id_t, const etl::imessage&)	32	static
message_router.h:129:18:virtual void etl::imessage_router::receive(etl::shared_message)	24	static
message_router.h:135:18:virtual void etl::imessage_router::receive(etl::message_router_id_t, etl::shared_message)	40	static
message_router.h:144:10:bool etl::imessage_router::accepts(const etl::imessage&) const	24	static
message_router.h:150:30:etl::message_router_id_t etl::imessage_router::get_message_router_id() const	16	static
message_router.h:165:5:etl::imessage_router::imessage_router(etl::message_router_id_t)	16	static
message_router.h:316:22:void etl::send_message(etl::imessage_router&, const etl::imessage&)	16	static
fsm.h:202:25:etl::fsm_state_id_t etl::ifsm_state::get_state_id() const	16	static
fsm.h:245:5:etl::ifsm_state::ifsm_state(etl::fsm_state_id_t)	16	static
fsm.h:257:13:etl::ifsm_state::~ifsm_state()	16	static
fsm.h:257:13:virtual etl::ifsm_state::~ifsm_state()	16	static
fsm.h:271:28:virtual etl::fsm_state_id_t etl::ifsm_state::on_enter_state()	16	static
fsm.h:272:18:virtual void etl::ifsm_state::on_exit_state()	16	static
fsm.h:275:10:void etl::ifsm_state::set_fsm_context(etl::fsm&)	16	static
fsm.h:313:5:etl::fsm::fsm(etl::message_router_id_t)	16	static
fsm.h:347:10:void etl::fsm::start(bool)	32	static
fsm.h:377:10:virtual void etl::fsm::receive(const etl::imessage&)	32	static
fsm.h:408:10:virtual bool etl::fsm::accepts(etl::message_id_t) const	16	static
fsm.h:463:25:virtual bool etl::fsm::is_null_router() const	16	static
fsm.h:469:10:virtual bool etl::fsm::is_producer() const	16	static
fsm.h:475:10:virtual bool etl::fsm::is_consumer() const	16	static
fsm.h:483:10:bool etl::fsm::have_changed_state(etl::fsm_state_id_t) const	16	static
message.h:68:9:constexpr etl::imessage::imessage()	16	static
message.h:83:9:constexpr etl::message<1>::message()	16	static
message.h:83:9:etl::message<1>::~message()	16	static
message.h:83:9:virtual etl::message<1>::~message()	16	static
QueuedFSM.cpp:46:3:Message1::Message1(int)	16	static
message.h:83:9:constexpr etl::message<2>::message()	16	static
message.h:83:9:etl::message<2>::~message()	16	static
message.h:83:9:virtual etl::message<2>::~message()	16	static
QueuedFSM.cpp:56:3:Message2::Message2(double)	24	static
message.h:83:9:constexpr etl::message<3>::message()	16	static
message.h:83:9:etl::message<3>::~message()	16	static
message.h:83:9:virtual etl::message<3>::~message()	16	static
QueuedFSM.cpp:66:3:Message3::Message3(const string&)	16	static
fsm.h:303:9:etl::fsm::~fsm()	16	static
fsm.h:303:9:virtual etl::fsm::~fsm()	16	static
QueuedFSM.cpp:94:3:Fsm::Fsm()	16	static
QueuedFSM.cpp:102:8:virtual void Fsm::receive(const etl::imessage&)	24	static
QueuedFSM.cpp:120:8:void Fsm::process_queue()	32	static
QueuedFSM.cpp:154:23:virtual etl::fsm_state_id_t State1::on_enter_state()	16	static
QueuedFSM.cpp:161:8:virtual void State1::on_exit_state()	16	static
QueuedFSM.cpp:167:23:etl::fsm_state_id_t State1::on_event(const Message1&)	24	static
QueuedFSM.cpp:175:23:etl::fsm_state_id_t State1::on_event(const Message2&)	24	static
QueuedFSM.cpp:183:23:etl::fsm_state_id_t State1::on_event(const Message3&)	24	static
QueuedFSM.cpp:191:23:etl::fsm_state_id_t State1::on_event_unknown(const etl::imessage&)	24	static
QueuedFSM.cpp:207:23:virtual etl::fsm_state_id_t State2::on_enter_state()	16	static
QueuedFSM.cpp:216:8:virtual void State2::on_exit_state()	16	static
QueuedFSM.cpp:222:23:etl::fsm_state_id_t State2::on_event(const Message1&)	24	static
QueuedFSM.cpp:229:23:etl::fsm_state_id_t State2::on_event(const Message2&)	24	static
QueuedFSM.cpp:236:23:etl::fsm_state_id_t State2::on_event(const Message3&)	24	static
QueuedFSM.cpp:243:23:etl::fsm_state_id_t State2::on_event_unknown(const etl::imessage&)	24	static
QueuedFSM.cpp:147:7:State1::State1()	16	static
QueuedFSM.cpp:202:7:State2::State2()	16	static
message.h:83:9:constexpr etl::message<4>::message()	16	static
message.h:83:9:etl::message<4>::~message()	16	static
message.h:83:9:virtual etl::message<4>::~message()	16	static
QueuedFSM.cpp:74:8:constexpr Message4::Message4()	16	static
QueuedFSM.cpp:253:5:int main()	704	static
successor.h:52:5:etl::successor<T>::successor() [with T = etl::imessage_router]	16	static
queue.h:597:5:etl::queue<T, SIZE, MEMORY_MODEL>::queue() [with T = etl::message_packet<Message1, Message2, Message3, Message4>; unsigned int SIZE = 10; unsigned int MEMORY_MODEL = 2]	16	static
queue.h:625:5:etl::queue<T, SIZE, MEMORY_MODEL>::~queue() [with T = etl::message_packet<Message1, Message2, Message3, Message4>; unsigned int SIZE = 10; unsigned int MEMORY_MODEL = 2]	16	static
queue.h:343:10:) [with Args = {const etl::imessage&}; T = etl::message_packet<Message1, Message2, Message3, Message4>; unsigned int MEMORY_MODEL = 2]	24	static
queue.h:142:10:bool etl::queue_base<MEMORY_MODEL>::empty() const [with unsigned int MEMORY_MODEL = 2]	16	static
queue.h:274:15:T& etl::iqueue<T, MEMORY_MODEL>::front() [with T = etl::message_packet<Message1, Message2, Message3, Message4>; unsigned int MEMORY_MODEL = 2]	16	static
message_packet.h:4001:20:etl::imessage& etl::message_packet<T1, T2, T3, T4, void, void, void, void, void, void, void, void, void, void, void, void>::get() [with T1 = Message1; T2 = Message2; T3 = Message3; T4 = Message4]	16	static
queue.h:440:10:void etl::iqueue<T, MEMORY_MODEL>::pop() [with T = etl::message_packet<Message1, Message2, Message3, Message4>; unsigned int MEMORY_MODEL = 2]	16	static
message.h:94:37:etl::message_id_t etl::message<ID_, TParent>::get_message_id() const [with unsigned char ID_ = 1; TParent = etl::imessage]	16	static
message.h:94:37:etl::message_id_t etl::message<ID_, TParent>::get_message_id() const [with unsigned char ID_ = 2; TParent = etl::imessage]	16	static
message.h:94:37:etl::message_id_t etl::message<ID_, TParent>::get_message_id() const [with unsigned char ID_ = 3; TParent = etl::imessage]	16	static
fsm.h:1338:5:etl::fsm_state<TContext, TDerived, STATE_ID_, T1, T2, T3, void, void, void, void, void, void, void, void, void, void, void, void, void>::fsm_state() [with TContext = Fsm; TDerived = State1; unsigned char STATE_ID_ = 0; T1 = Message1; T2 = Message2; T3 = Message3]	16	static
fsm.h:1345:5:etl::fsm_state<TContext, TDerived, STATE_ID_, T1, T2, T3, void, void, void, void, void, void, void, void, void, void, void, void, void>::~fsm_state() [with TContext = Fsm; TDerived = State1; unsigned char STATE_ID_ = 0; T1 = Message1; T2 = Message2; T3 = Message3]	16	static
fsm.h:1345:5:etl::fsm_state<TContext, TDerived, STATE_ID_, T1, T2, T3, void, void, void, void, void, void, void, void, void, void, void, void, void>::~fsm_state() [with TContext = Fsm; TDerived = State1; unsigned char STATE_ID_ = 0; T1 = Message1; T2 = Message2; T3 = Message3]	16	static
fsm.h:1338:5:etl::fsm_state<TContext, TDerived, STATE_ID_, T1, T2, T3, void, void, void, void, void, void, void, void, void, void, void, void, void>::fsm_state() [with TContext = Fsm; TDerived = State2; unsigned char STATE_ID_ = 1; T1 = Message1; T2 = Message2; T3 = Message3]	16	static
fsm.h:1345:5:etl::fsm_state<TContext, TDerived, STATE_ID_, T1, T2, T3, void, void, void, void, void, void, void, void, void, void, void, void, void>::~fsm_state() [with TContext = Fsm; TDerived = State2; unsigned char STATE_ID_ = 1; T1 = Message1; T2 = Message2; T3 = Message3]	16	static
fsm.h:1345:5:etl::fsm_state<TContext, TDerived, STATE_ID_, T1, T2, T3, void, void, void, void, void, void, void, void, void, void, void, void, void>::~fsm_state() [with TContext = Fsm; TDerived = State2; unsigned char STATE_ID_ = 1; T1 = Message1; T2 = Message2; T3 = Message3]	16	static
fsm.h:325:10:void etl::fsm::set_states(etl::ifsm_state**, TSize) [with TSize = int]	40	static
queue.h:541:5:etl::iqueue<T, MEMORY_MODEL>::iqueue(T*, etl::iqueue<T, MEMORY_MODEL>::size_type) [with T = etl::message_packet<Message1, Message2, Message3, Message4>; unsigned int MEMORY_MODEL = 2]	24	static
queue.h:564:5:etl::iqueue<T, MEMORY_MODEL>::~iqueue() [with T = etl::message_packet<Message1, Message2, Message3, Message4>; unsigned int MEMORY_MODEL = 2]	16	static
queue.h:416:10:void etl::iqueue<T, MEMORY_MODEL>::clear() [with T = etl::message_packet<Message1, Message2, Message3, Message4>; unsigned int MEMORY_MODEL = 2]	16	static
utility.h:60:17:constexpr T&& etl::forward(typename etl::remove_reference<T>::type&) [with T = const etl::imessage&]	16	static
message_packet.h:4025:31:static constexpr bool etl::message_packet<T1, T2, T3, T4, void, void, void, void, void, void, void, void, void, void, void, void>::accepts(const etl::imessage&) [with T1 = Message1; T2 = Message2; T3 = Message3; T4 = Message4]	16	static
message_packet.h:3872:14:etl::message_packet<T1, T2, T3, T4, void, void, void, void, void, void, void, void, void, void, void, void>::message_packet(const etl::imessage&) [with T1 = Message1; T2 = Message2; T3 = Message3; T4 = Message4]	16	static
queue.h:188:10:void etl::queue_base<MEMORY_MODEL>::add_in() [with unsigned int MEMORY_MODEL = 2]	16	static
alignment.h:139:7:etl::aligned_storage<LENGTH, ALIGNMENT>::type::operator T*() [with T = etl::imessage; unsigned int LENGTH = 28; unsigned int ALIGNMENT = 8]	16	static
message_packet.h:3995:5:etl::message_packet<T1, T2, T3, T4, void, void, void, void, void, void, void, void, void, void, void, void>::~message_packet() [with T1 = Message1; T2 = Message2; T3 = Message3; T4 = Message4]	16	static
queue.h:202:10:void etl::queue_base<MEMORY_MODEL>::del_out() [with unsigned int MEMORY_MODEL = 2]	16	static
queue.h:170:5:etl::queue_base<MEMORY_MODEL>::queue_base(etl::queue_base<MEMORY_MODEL>::size_type) [with unsigned int MEMORY_MODEL = 2]	16	static
queue.h:181:5:etl::queue_base<MEMORY_MODEL>::~queue_base() [with unsigned int MEMORY_MODEL = 2]	16	static
message_packet.h:4019:31:static constexpr bool etl::message_packet<T1, T2, T3, T4, void, void, void, void, void, void, void, void, void, void, void, void>::accepts(etl::message_id_t) [with T1 = Message1; T2 = Message2; T3 = Message3; T4 = Message4]	16	static
message.h:68:9:constexpr etl::imessage::imessage(const etl::imessage&)	16	static
message.h:83:9:constexpr etl::message<1>::message(const etl::message<1>&)	16	static
QueuedFSM.cpp:44:8:constexpr Message1::Message1(const Message1&)	16	static
message.h:83:9:constexpr etl::message<2>::message(const etl::message<2>&)	16	static
QueuedFSM.cpp:54:8:constexpr Message2::Message2(const Message2&)	16	static
message.h:83:9:constexpr etl::message<3>::message(const etl::message<3>&)	16	static
QueuedFSM.cpp:64:8:Message3::Message3(const Message3&)	16	static
message.h:83:9:constexpr etl::message<4>::message(const etl::message<4>&)	16	static
QueuedFSM.cpp:74:8:constexpr Message4::Message4(const Message4&)	16	static
message_packet.h:4081:10:void etl::message_packet<T1, T2, T3, T4, void, void, void, void, void, void, void, void, void, void, void, void>::add_new_message(const etl::imessage&) [with T1 = Message1; T2 = Message2; T3 = Message3; T4 = Message4]	24	static
message_packet.h:4057:10:void etl::message_packet<T1, T2, T3, T4, void, void, void, void, void, void, void, void, void, void, void, void>::delete_current_message() [with T1 = Message1; T2 = Message2; T3 = Message3; T4 = Message4]	24	static
alignment.h:139:7:etl::aligned_storage<LENGTH, ALIGNMENT>::type::operator T*() [with T = void; unsigned int LENGTH = 28; unsigned int ALIGNMENT = 8]	16	static
QueuedFSM.cpp:202:7:State2::~State2()	16	static
QueuedFSM.cpp:202:7:virtual State2::~State2()	16	static
QueuedFSM.cpp:147:7:State1::~State1()	16	static
QueuedFSM.cpp:147:7:virtual State1::~State1()	16	static
QueuedFSM.cpp:87:7:Fsm::~Fsm()	16	static
QueuedFSM.cpp:87:7:virtual Fsm::~Fsm()	16	static
QueuedFSM.cpp:74:8:Message4::~Message4()	16	static
QueuedFSM.cpp:74:8:virtual Message4::~Message4()	16	static
QueuedFSM.cpp:64:8:Message3::~Message3()	16	static
QueuedFSM.cpp:64:8:virtual Message3::~Message3()	16	static
QueuedFSM.cpp:54:8:Message2::~Message2()	16	static
QueuedFSM.cpp:54:8:virtual Message2::~Message2()	16	static
QueuedFSM.cpp:44:8:Message1::~Message1()	16	static
QueuedFSM.cpp:44:8:virtual Message1::~Message1()	16	static
QueuedFSM.cpp:287:1:void __static_initialization_and_destruction_0(int, int)	16	static
fsm.h:1356:25:etl::fsm_state_id_t etl::fsm_state<TContext, TDerived, STATE_ID_, T1, T2, T3, void, void, void, void, void, void, void, void, void, void, void, void, void>::process_event(const etl::imessage&) [with TContext = Fsm; TDerived = State2; unsigned char STATE_ID_ = 1; T1 = Message1; T2 = Message2; T3 = Message3]	32	static
fsm.h:1356:25:etl::fsm_state_id_t etl::fsm_state<TContext, TDerived, STATE_ID_, T1, T2, T3, void, void, void, void, void, void, void, void, void, void, void, void, void>::process_event(const etl::imessage&) [with TContext = Fsm; TDerived = State1; unsigned char STATE_ID_ = 0; T1 = Message1; T2 = Message2; T3 = Message3]	32	static
message.h:94:37:etl::message_id_t etl::message<ID_, TParent>::get_message_id() const [with unsigned char ID_ = 4; TParent = etl::imessage]	16	static
QueuedFSM.cpp:287:1:cpp)	8	static
QueuedFSM.cpp:287:1:cpp)	8	static
