DataModule.hpp:19:3:SolarGators::DataModules::DataModule::DataModule(uint32_t, uint16_t, uint32_t, uint16_t, bool, bool)	24	static
DataModule.hpp:24:11:SolarGators::DataModules::DataModule::~DataModule()	16	static
DataModule.hpp:24:11:virtual SolarGators::DataModules::DataModule::~DataModule()	16	static
Mitsuba.cpp:13:1:SolarGators::DataModules::MitsubaRequest::MitsubaRequest(uint32_t)	32	static
Mitsuba.cpp:17:1:SolarGators::DataModules::MitsubaRequest::~MitsubaRequest()	16	static
Mitsuba.cpp:17:1:virtual SolarGators::DataModules::MitsubaRequest::~MitsubaRequest()	16	static
Mitsuba.cpp:21:6:void SolarGators::DataModules::MitsubaRequest::SetRequests(bool, bool, bool)	24	static
Mitsuba.cpp:28:6:void SolarGators::DataModules::MitsubaRequest::ClearRequests()	16	static
Mitsuba.cpp:35:6:void SolarGators::DataModules::MitsubaRequest::SetRequestAllFrames()	16	static
Mitsuba.cpp:42:6:virtual void SolarGators::DataModules::MitsubaRequest::ToByteArray(uint8_t*) const	16	static
Mitsuba.cpp:49:6:virtual void SolarGators::DataModules::MitsubaRequest::FromByteArray(uint8_t*)	16	static
Mitsuba.cpp:56:1:SolarGators::DataModules::MitsubaRx0::MitsubaRx0(uint32_t, uint16_t)	40	static
Mitsuba.cpp:62:1:SolarGators::DataModules::MitsubaRx0::~MitsubaRx0()	16	static
Mitsuba.cpp:62:1:virtual SolarGators::DataModules::MitsubaRx0::~MitsubaRx0()	16	static
Mitsuba.cpp:66:10:uint16_t SolarGators::DataModules::MitsubaRx0::GetBatteryVoltage() const	16	static
Mitsuba.cpp:70:10:uint16_t SolarGators::DataModules::MitsubaRx0::GetBatteryCurrent() const	16	static
Mitsuba.cpp:74:6:bool SolarGators::DataModules::MitsubaRx0::GetBatteryCurrentDir() const	16	static
Mitsuba.cpp:78:10:uint16_t SolarGators::DataModules::MitsubaRx0::GetMotorCurrentPkAvg() const	16	static
Mitsuba.cpp:82:9:uint8_t SolarGators::DataModules::MitsubaRx0::GetFetTemp() const	16	static
Mitsuba.cpp:86:10:uint16_t SolarGators::DataModules::MitsubaRx0::GetMotorRPM() const	16	static
Mitsuba.cpp:90:10:uint16_t SolarGators::DataModules::MitsubaRx0::GetPWMDuty() const	16	static
Mitsuba.cpp:94:10:uint16_t SolarGators::DataModules::MitsubaRx0::GetLeadAngle() const	16	static
Mitsuba.cpp:99:6:virtual void SolarGators::DataModules::MitsubaRx0::ToByteArray(uint8_t*) const	24	static
Mitsuba.cpp:136:6:virtual void SolarGators::DataModules::MitsubaRx0::FromByteArray(uint8_t*)	40	static
Mitsuba.cpp:161:1:SolarGators::DataModules::MitsubaRx1::MitsubaRx1(uint32_t, uint16_t)	40	static
Mitsuba.cpp:165:1:SolarGators::DataModules::MitsubaRx1::~MitsubaRx1()	16	static
Mitsuba.cpp:165:1:virtual SolarGators::DataModules::MitsubaRx1::~MitsubaRx1()	16	static
Mitsuba.cpp:169:6:bool SolarGators::DataModules::MitsubaRx1::GetPowerMode() const	16	static
Mitsuba.cpp:173:6:bool SolarGators::DataModules::MitsubaRx1::GetMcMode() const	16	static
Mitsuba.cpp:177:10:uint16_t SolarGators::DataModules::MitsubaRx1::GetAcceleratorPosition() const	16	static
Mitsuba.cpp:181:10:uint16_t SolarGators::DataModules::MitsubaRx1::GetRegenVrPosition() const	16	static
Mitsuba.cpp:185:9:uint8_t SolarGators::DataModules::MitsubaRx1::GetDigitSwitchPosition() const	16	static
Mitsuba.cpp:189:10:uint16_t SolarGators::DataModules::MitsubaRx1::GetOutTargetVal() const	16	static
Mitsuba.cpp:193:9:uint8_t SolarGators::DataModules::MitsubaRx1::GetDriveActStat() const	16	static
Mitsuba.cpp:197:6:bool SolarGators::DataModules::MitsubaRx1::GetRegenStat() const	16	static
Mitsuba.cpp:202:6:virtual void SolarGators::DataModules::MitsubaRx1::ToByteArray(uint8_t*) const	16	static
Mitsuba.cpp:226:6:virtual void SolarGators::DataModules::MitsubaRx1::FromByteArray(uint8_t*)	32	static
Mitsuba.cpp:249:1:SolarGators::DataModules::MitsubaRx2::MitsubaRx2(uint32_t, uint16_t)	40	static
Mitsuba.cpp:253:1:SolarGators::DataModules::MitsubaRx2::~MitsubaRx2()	16	static
Mitsuba.cpp:253:1:virtual SolarGators::DataModules::MitsubaRx2::~MitsubaRx2()	16	static
Mitsuba.cpp:257:6:bool SolarGators::DataModules::MitsubaRx2::GetAdSensorError() const	16	static
Mitsuba.cpp:261:6:bool SolarGators::DataModules::MitsubaRx2::GetMotorSensorUError() const	16	static
Mitsuba.cpp:265:6:bool SolarGators::DataModules::MitsubaRx2::GetMotorCurrSensorWError() const	16	static
Mitsuba.cpp:269:6:bool SolarGators::DataModules::MitsubaRx2::GetFetThermError() const	16	static
Mitsuba.cpp:273:6:bool SolarGators::DataModules::MitsubaRx2::GetBattVoltSensorError() const	16	static
Mitsuba.cpp:277:6:bool SolarGators::DataModules::MitsubaRx2::GetBattCurrSensorError() const	16	static
Mitsuba.cpp:281:6:bool SolarGators::DataModules::MitsubaRx2::GetBattCurrSensorAdjError() const	16	static
Mitsuba.cpp:285:6:bool SolarGators::DataModules::MitsubaRx2::GetMotorCurrSensorAdjError() const	16	static
Mitsuba.cpp:289:6:bool SolarGators::DataModules::MitsubaRx2::GetAccelPosError() const	16	static
Mitsuba.cpp:293:6:bool SolarGators::DataModules::MitsubaRx2::GetContVoltSensorError() const	16	static
Mitsuba.cpp:297:6:bool SolarGators::DataModules::MitsubaRx2::GetPowerSystemError() const	16	static
Mitsuba.cpp:301:6:bool SolarGators::DataModules::MitsubaRx2::GetOverCurrError() const	16	static
Mitsuba.cpp:305:6:bool SolarGators::DataModules::MitsubaRx2::GetOverVoltError() const	16	static
Mitsuba.cpp:309:6:bool SolarGators::DataModules::MitsubaRx2::GetOverCurrLimit() const	16	static
Mitsuba.cpp:313:6:bool SolarGators::DataModules::MitsubaRx2::GetMotorSystemError() const	16	static
Mitsuba.cpp:317:6:bool SolarGators::DataModules::MitsubaRx2::GetMotorLock() const	16	static
Mitsuba.cpp:321:6:bool SolarGators::DataModules::MitsubaRx2::GetHallSensorShort() const	16	static
Mitsuba.cpp:325:6:bool SolarGators::DataModules::MitsubaRx2::GetHallSensorOpen() const	16	static
Mitsuba.cpp:329:9:uint8_t SolarGators::DataModules::MitsubaRx2::GetOverHeatLevel() const	16	static
Mitsuba.cpp:334:6:virtual void SolarGators::DataModules::MitsubaRx2::ToByteArray(uint8_t*) const	24	static
Mitsuba.cpp:366:6:virtual void SolarGators::DataModules::MitsubaRx2::FromByteArray(uint8_t*)	16	static
