DataModule.hpp:19:3:SolarGators::DataModules::DataModule::DataModule(uint32_t, uint16_t, uint32_t, uint16_t, bool, bool)	24	static
DataModule.hpp:24:11:SolarGators::DataModules::DataModule::~DataModule()	16	static
DataModule.hpp:24:11:virtual SolarGators::DataModules::DataModule::~DataModule()	16	static
Steering.cpp:17:3:SolarGators::DataModules::Steering::Steering()	32	static
Steering.cpp:30:3:SolarGators::DataModules::Steering::~Steering()	16	static
Steering.cpp:30:3:virtual SolarGators::DataModules::Steering::~Steering()	16	static
Steering.cpp:32:8:bool SolarGators::DataModules::Steering::GetLeftTurnStatus() const	16	static
Steering.cpp:36:8:bool SolarGators::DataModules::Steering::GetRightTurnStatus() const	16	static
Steering.cpp:40:8:bool SolarGators::DataModules::Steering::GetHazardsStatus() const	16	static
Steering.cpp:44:8:bool SolarGators::DataModules::Steering::GetBpFaultStatus() const	16	static
Steering.cpp:48:8:bool SolarGators::DataModules::Steering::GetCruiseEnabledStatus() const	16	static
Steering.cpp:52:8:bool SolarGators::DataModules::Steering::GetEcoEnabledStatus() const	16	static
Steering.cpp:56:8:bool SolarGators::DataModules::Steering::GetHeadlightsStatus() const	16	static
Steering.cpp:60:8:bool SolarGators::DataModules::Steering::GetHornStatus() const	16	static
Steering.cpp:64:8:bool SolarGators::DataModules::Steering::GetReverseStatus() const	16	static
Steering.cpp:68:11:uint8_t SolarGators::DataModules::Steering::GetCruiseSpeed() const	16	static
Steering.cpp:72:8:virtual void SolarGators::DataModules::Steering::ToByteArray(uint8_t*) const	16	static
Steering.cpp:86:8:virtual void SolarGators::DataModules::Steering::FromByteArray(uint8_t*)	16	static
