new:173:33:void* operator new(std::size_t, void*)	16	static
gthr-default.h:229:1:int __gthread_key_delete(__gthread_key_t)	16	static
std_function.h:255:5:std::_Function_base::_Function_base()	16	static
std_function.h:263:10:bool std::_Function_base::_M_empty() const	16	static
ipool.h:239:10:void etl::ipool::release(const void*)	24	static
ipool.h:321:5:etl::ipool::ipool(char*, uint32_t, uint32_t)	24	static
ipool.h:336:11:char* etl::ipool::allocate_item()	32	static
ipool.h:378:10:void etl::ipool::release_item(char*)	16	static
ipool.h:402:10:bool etl::ipool::is_item_in_pool(const char*) const	32	static
ipool.h:442:5:etl::ipool::~ipool()	16	static
map.h:157:10:bool etl::map_base::full() const	16	static
map.h:213:12:void etl::map_base::Node::mark_as_leaf()	16	static
map.h:229:5:etl::map_base::map_base(etl::map_base::size_type)	16	static
map.h:240:5:etl::map_base::~map_base()	16	static
map.h:247:10:void etl::map_base::balance_node(etl::map_base::Node*&)	32	static
map.h:310:10:void etl::map_base::rotate_2node(etl::map_base::Node*&, uint_least8_t)	32	static
map.h:340:10:void etl::map_base::rotate_3node(etl::map_base::Node*&, uint_least8_t, uint_least8_t)	32	static
map.h:381:11:etl::map_base::Node* etl::map_base::find_limit_node(etl::map_base::Node*, int8_t) const	32	static
map.h:414:10:void etl::map_base::attach_node(etl::map_base::Node*&, etl::map_base::Node&)	24	static
map.h:429:10:void etl::map_base::detach_node(etl::map_base::Node*&, etl::map_base::Node*&)	32	static
SteeringController.cpp:15:3:SolarGators::DataModules::SteeringController::SteeringController()	16	static
SteeringController.cpp:30:3:SolarGators::DataModules::SteeringController::~SteeringController()	16	static
SteeringController.cpp:30:3:virtual SolarGators::DataModules::SteeringController::~SteeringController()	16	static
SteeringController.cpp:35:8:void SolarGators::DataModules::SteeringController::EnableLeftTurnSignal()	16	static
SteeringController.cpp:41:8:void SolarGators::DataModules::SteeringController::DisableLeftTurnSignal()	16	static
SteeringController.cpp:46:8:void SolarGators::DataModules::SteeringController::ToggleLeftTurnSignal()	16	static
SteeringController.cpp:54:8:void SolarGators::DataModules::SteeringController::EnableRightTurnSignal()	16	static
SteeringController.cpp:60:8:void SolarGators::DataModules::SteeringController::DisableRightTurnSignal()	16	static
SteeringController.cpp:65:8:void SolarGators::DataModules::SteeringController::ToggleRightTurnSignal()	16	static
SteeringController.cpp:73:8:void SolarGators::DataModules::SteeringController::EnableHazards()	16	static
SteeringController.cpp:80:8:void SolarGators::DataModules::SteeringController::DisableHazards()	16	static
SteeringController.cpp:85:8:void SolarGators::DataModules::SteeringController::ToggleHazards()	16	static
SteeringController.cpp:93:8:void SolarGators::DataModules::SteeringController::SetBpsFault(bool)	16	static
SteeringController.cpp:98:8:void SolarGators::DataModules::SteeringController::EnableCruise()	16	static
SteeringController.cpp:105:8:void SolarGators::DataModules::SteeringController::DisableCruise()	16	static
SteeringController.cpp:109:8:void SolarGators::DataModules::SteeringController::ToggleCruise()	16	static
SteeringController.cpp:117:8:void SolarGators::DataModules::SteeringController::EnableHeadlights()	16	static
SteeringController.cpp:122:8:void SolarGators::DataModules::SteeringController::DisableHeadlights()	16	static
SteeringController.cpp:127:8:void SolarGators::DataModules::SteeringController::ToggleHeadlights()	16	static
SteeringController.cpp:135:8:void SolarGators::DataModules::SteeringController::EnableHorn()	16	static
SteeringController.cpp:140:8:void SolarGators::DataModules::SteeringController::DisableHorn()	16	static
SteeringController.cpp:145:8:void SolarGators::DataModules::SteeringController::ToggleHorn()	16	static
SteeringController.cpp:153:8:void SolarGators::DataModules::SteeringController::IncreaseCruiseSpeed()	16	static
SteeringController.cpp:158:8:void SolarGators::DataModules::SteeringController::DecreaseCruiseSpeed()	16	static
SteeringController.cpp:163:8:void SolarGators::DataModules::SteeringController::SetCruiseSpeed(uint16_t)	16	static
SteeringController.cpp:170:8:void SolarGators::DataModules::SteeringController::EnableReverse()	16	static
SteeringController.cpp:177:8:void SolarGators::DataModules::SteeringController::DisableReverse()	16	static
SteeringController.cpp:182:8:void SolarGators::DataModules::SteeringController::ToggleReverse()	16	static
SteeringController.cpp:190:8:void SolarGators::DataModules::SteeringController::EnableEco()	16	static
SteeringController.cpp:195:8:void SolarGators::DataModules::SteeringController::DisableEco()	16	static
SteeringController.cpp:199:8:void SolarGators::DataModules::SteeringController::ToggleEco()	16	static
SteeringController.cpp:207:8:void SolarGators::DataModules::SteeringController::HandlePress(uint16_t)	16	static
stl_pair.h:208:12:std::pair<const short unsigned int, SolarGators::Drivers::Button>::~pair()	16	static
stl_pair.h:208:12:std::pair<etl::imap<short unsigned int, SolarGators::Drivers::Button, etl::less<short unsigned int> >::iterator, bool>::~pair()	16	static
SteeringController.cpp:214:8:void SolarGators::DataModules::SteeringController::AddButton(SolarGators::Drivers::Button*)	104	static
SteeringController.cpp:219:8:void SolarGators::DataModules::SteeringController::ButtonHandler()	40	static
generic_pool.h:55:9:etl::generic_pool<60, 4, 10>::~generic_pool()	16	static
pool.h:53:9:etl::pool<etl::imap<short unsigned int, SolarGators::Drivers::Button, etl::less<short unsigned int> >::Data_Node, 10>::~pool()	16	static
map.h:2601:5:etl::map<TKey, TValue, MAX_SIZE_, TCompare>::map() [with TKey = short unsigned int; TValue = SolarGators::Drivers::Button; unsigned int MAX_SIZE_ = 10; TCompare = etl::less<short unsigned int>]	16	static
map.h:2669:5:etl::map<TKey, TValue, MAX_SIZE_, TCompare>::~map() [with TKey = short unsigned int; TValue = SolarGators::Drivers::Button; unsigned int MAX_SIZE_ = 10; TCompare = etl::less<short unsigned int>]	16	static
utility.h:229:23:etl::pair<T1, T2> etl::make_pair(T1&&, T2&&) [with T1 = short unsigned int&; T2 = SolarGators::Drivers::Button&]	40	static
stl_pair.h:208:12:std::pair<short unsigned int, SolarGators::Drivers::Button>::~pair()	16	static
Button.hpp:19:7:SolarGators::Drivers::Button::Button(const SolarGators::Drivers::Button&)	16	static
stl_pair.h:304:17:std::pair<_T1, _T2>::pair(std::pair<_T1, _T2>&&) [with _T1 = const short unsigned int; _T2 = SolarGators::Drivers::Button]	16	static
utility.h:157:5:etl::pair<T1, T2>::operator std::pair<_U1, _U2>() [with U1 = const short unsigned int; U2 = SolarGators::Drivers::Button; T1 = short unsigned int&; T2 = SolarGators::Drivers::Button&]	72	static
map.h:1185:38:std::pair<etl::imap<TKey, TMapped, TKeyCompare>::iterator, bool> etl::imap<TKey, TMapped, TKeyCompare>::insert(etl::imap<TKey, TMapped, TKeyCompare>::rvalue_reference) [with TKey = short unsigned int; TMapped = SolarGators::Drivers::Button; TKeyCompare = etl::less<short unsigned int>]	56	static
map.h:623:7:etl::imap<TKey, TMapped, TKeyCompare>::iterator::~iterator() [with TKey = short unsigned int; TMapped = SolarGators::Drivers::Button; TKeyCompare = etl::less<short unsigned int>]	16	static
map.h:1122:14:etl::imap<TKey, TMapped, TKeyCompare>::iterator etl::imap<TKey, TMapped, TKeyCompare>::find(etl::imap<TKey, TMapped, TKeyCompare>::key_parameter_t) [with TKey = short unsigned int; TMapped = SolarGators::Drivers::Button; TKeyCompare = etl::less<short unsigned int>]	24	static
map.h:660:17:etl::imap<TKey, TMapped, TKeyCompare>::value_type& etl::imap<TKey, TMapped, TKeyCompare>::iterator::operator*() const [with TKey = short unsigned int; TMapped = SolarGators::Drivers::Button; TKeyCompare = etl::less<short unsigned int>]	16	static
map.h:1426:5:etl::imap<TKey, TMapped, TKeyCompare>::imap(etl::ipool&, size_t) [with TKey = short unsigned int; TMapped = SolarGators::Drivers::Button; TKeyCompare = etl::less<short unsigned int>]	24	static
map.h:2582:5:etl::imap<TKey, TMapped, TKeyCompare>::~imap() [with TKey = short unsigned int; TMapped = SolarGators::Drivers::Button; TKeyCompare = etl::less<short unsigned int>]	16	static
pool.h:68:5:etl::pool<T, VSize>::pool() [with T = etl::imap<short unsigned int, SolarGators::Drivers::Button, etl::less<short unsigned int> >::Data_Node; unsigned int VSize = 10]	16	static
map.h:1435:10:void etl::imap<TKey, TMapped, TKeyCompare>::initialise() [with TKey = short unsigned int; TMapped = SolarGators::Drivers::Button; TKeyCompare = etl::less<short unsigned int>]	88	static
utility.h:60:17:constexpr T&& etl::forward(typename etl::remove_reference<T>::type&) [with T = short unsigned int&]	16	static
utility.h:60:17:constexpr T&& etl::forward(typename etl::remove_reference<T>::type&) [with T = SolarGators::Drivers::Button&]	16	static
utility.h:113:21:constexpr etl::pair<T1, T2>::pair(const T1&, const T2&) [with T1 = short unsigned int&; T2 = SolarGators::Drivers::Button&]	24	static
utility.h:147:21:constexpr etl::pair<T1, T2>::pair(etl::pair<U1, U2>&&) [with U1 = short unsigned int&; U2 = SolarGators::Drivers::Button&; T1 = short unsigned int&; T2 = SolarGators::Drivers::Button&]	16	static
stl_pair.h:524:5:constexpr std::pair<typename std::__decay_and_strip<_Tp>::__type, typename std::__decay_and_strip<_T2>::__type> std::make_pair(_T1&&, _T2&&) [with _T1 = short unsigned int&; _T2 = SolarGators::Drivers::Button&]	32	static
stl_pair.h:360:12:constexpr std::pair<_T1, _T2>::pair(std::pair<_U1, _U2>&&) [with _U1 = short unsigned int; _U2 = SolarGators::Drivers::Button; typename std::enable_if<(std::_PCC<((! std::is_same<_T1, _U1>::value) || (! std::is_same<_T2, _U2>::value)), _T1, _T2>::_MoveConstructiblePair<_U1, _U2>() && std::_PCC<((! std::is_same<_T1, _U1>::value) || (! std::is_same<_T2, _U2>::value)), _T1, _T2>::_ImplicitlyMoveConvertiblePair<_U1, _U2>()), bool>::type <anonymous> = true; _T1 = const short unsigned int; _T2 = SolarGators::Drivers::Button]	24	static
std_function.h:653:5:)>&) [with _Res = void; _ArgTypes = {}]	16	static
utility.h:53:55:constexpr typename etl::remove_reference<T>::type&& etl::move(T&&) [with T = std::pair<const short unsigned int, SolarGators::Drivers::Button>&]	16	static
map.h:1462:16:etl::imap<TKey, TMapped, TKeyCompare>::Data_Node& etl::imap<TKey, TMapped, TKeyCompare>::allocate_data_node(etl::imap<TKey, TMapped, TKeyCompare>::rvalue_reference) [with TKey = short unsigned int; TMapped = SolarGators::Drivers::Button; TKeyCompare = etl::less<short unsigned int>]	32	static
map.h:1928:11:etl::map_base::Node* etl::imap<TKey, TMapped, TKeyCompare>::insert_node(etl::map_base::Node*&, etl::imap<TKey, TMapped, TKeyCompare>::Data_Node&) [with TKey = short unsigned int; TMapped = SolarGators::Drivers::Button; TKeyCompare = etl::less<short unsigned int>]	40	static
map.h:611:7:etl::imap<TKey, TMapped, TKeyCompare>::iterator::iterator(etl::imap<TKey, TMapped, TKeyCompare>&, etl::map_base::Node*) [with TKey = short unsigned int; TMapped = SolarGators::Drivers::Button; TKeyCompare = etl::less<short unsigned int>]	24	static
stl_pair.h:524:5:constexpr std::pair<typename std::__decay_and_strip<_Tp>::__type, typename std::__decay_and_strip<_T2>::__type> std::make_pair(_T1&&, _T2&&) [with _T1 = etl::imap<short unsigned int, SolarGators::Drivers::Button, etl::less<short unsigned int> >::iterator; _T2 = bool&]	32	static
map.h:617:7:etl::imap<TKey, TMapped, TKeyCompare>::iterator::iterator(const etl::imap<TKey, TMapped, TKeyCompare>::iterator&) [with TKey = short unsigned int; TMapped = SolarGators::Drivers::Button; TKeyCompare = etl::less<short unsigned int>]	16	static
map.h:1493:11:etl::map_base::Node* etl::imap<TKey, TMapped, TKeyCompare>::find_node(etl::map_base::Node*, etl::imap<TKey, TMapped, TKeyCompare>::key_parameter_t) [with TKey = short unsigned int; TMapped = SolarGators::Drivers::Button; TKeyCompare = etl::less<short unsigned int>]	32	static
map.h:558:23:static etl::imap<TKey, TMapped, TKeyCompare>::Data_Node* etl::imap<TKey, TMapped, TKeyCompare>::data_cast(etl::map_base::Node*) [with TKey = short unsigned int; TMapped = SolarGators::Drivers::Button; TKeyCompare = etl::less<short unsigned int>]	16	static
generic_pool.h:66:5:etl::generic_pool<VTypeSize, VAlignment, VSize>::generic_pool() [with unsigned int VTypeSize = 60; unsigned int VAlignment = 4; unsigned int VSize = 10]	16	static
map.h:822:14:etl::imap<TKey, TMapped, TKeyCompare>::iterator etl::imap<TKey, TMapped, TKeyCompare>::begin() [with TKey = short unsigned int; TMapped = SolarGators::Drivers::Button; TKeyCompare = etl::less<short unsigned int>]	16	static
map.h:723:7:etl::imap<TKey, TMapped, TKeyCompare>::const_iterator::const_iterator(const etl::imap<TKey, TMapped, TKeyCompare>::iterator&) [with TKey = short unsigned int; TMapped = SolarGators::Drivers::Button; TKeyCompare = etl::less<short unsigned int>]	16	static
map.h:735:7:etl::imap<TKey, TMapped, TKeyCompare>::const_iterator::~const_iterator() [with TKey = short unsigned int; TMapped = SolarGators::Drivers::Button; TKeyCompare = etl::less<short unsigned int>]	16	static
map.h:729:7:etl::imap<TKey, TMapped, TKeyCompare>::const_iterator::const_iterator(const etl::imap<TKey, TMapped, TKeyCompare>::const_iterator&) [with TKey = short unsigned int; TMapped = SolarGators::Drivers::Button; TKeyCompare = etl::less<short unsigned int>]	16	static
map.h:838:14:etl::imap<TKey, TMapped, TKeyCompare>::iterator etl::imap<TKey, TMapped, TKeyCompare>::end() [with TKey = short unsigned int; TMapped = SolarGators::Drivers::Button; TKeyCompare = etl::less<short unsigned int>]	16	static
map.h:792:19:bool etl::operator!=(const etl::imap<short unsigned int, SolarGators::Drivers::Button, etl::less<short unsigned int> >::const_iterator&, const etl::imap<short unsigned int, SolarGators::Drivers::Button, etl::less<short unsigned int> >::const_iterator&)	16	static
map.h:1073:14:etl::imap<TKey, TMapped, TKeyCompare>::iterator etl::imap<TKey, TMapped, TKeyCompare>::erase(etl::imap<TKey, TMapped, TKeyCompare>::const_iterator) [with TKey = short unsigned int; TMapped = SolarGators::Drivers::Button; TKeyCompare = etl::less<short unsigned int>]	40	static
map.h:765:23:etl::imap<TKey, TMapped, TKeyCompare>::const_iterator& etl::imap<TKey, TMapped, TKeyCompare>::const_iterator::operator=(const etl::imap<TKey, TMapped, TKeyCompare>::const_iterator&) [with TKey = short unsigned int; TMapped = SolarGators::Drivers::Button; TKeyCompare = etl::less<short unsigned int>]	16	static
move.h:74:5:constexpr _Tp&& std::forward(typename std::remove_reference<_Tp>::type&) [with _Tp = short unsigned int&]	16	static
move.h:74:5:constexpr _Tp&& std::forward(typename std::remove_reference<_Tp>::type&) [with _Tp = SolarGators::Drivers::Button&]	16	static
stl_pair.h:341:12:constexpr std::pair<_T1, _T2>::pair(_U1&&, _U2&&) [with _U1 = short unsigned int&; _U2 = SolarGators::Drivers::Button&; typename std::enable_if<(std::_PCC<true, _T1, _T2>::_MoveConstructiblePair<_U1, _U2>() && std::_PCC<true, _T1, _T2>::_ImplicitlyMoveConvertiblePair<_U1, _U2>()), bool>::type <anonymous> = true; _T1 = short unsigned int; _T2 = SolarGators::Drivers::Button]	32	static
move.h:74:5:constexpr _Tp&& std::forward(typename std::remove_reference<_Tp>::type&) [with _Tp = short unsigned int]	16	static
move.h:74:5:constexpr _Tp&& std::forward(typename std::remove_reference<_Tp>::type&) [with _Tp = SolarGators::Drivers::Button]	16	static
std_function.h:564:16:)>::operator bool() const [with _Res = void; _ArgTypes = {}]	16	static
map.h:1474:16:etl::imap<TKey, TMapped, TKeyCompare>::Data_Node& etl::imap<TKey, TMapped, TKeyCompare>::create_data_node() [with TKey = short unsigned int; TMapped = SolarGators::Drivers::Button; TKeyCompare = etl::less<short unsigned int>]	24	static
map.h:566:23:static etl::imap<TKey, TMapped, TKeyCompare>::Data_Node& etl::imap<TKey, TMapped, TKeyCompare>::data_cast(etl::map_base::Node&) [with TKey = short unsigned int; TMapped = SolarGators::Drivers::Button; TKeyCompare = etl::less<short unsigned int>]	16	static
map.h:518:10:bool etl::imap<TKey, TMapped, TKeyCompare>::node_comp(const etl::imap<TKey, TMapped, TKeyCompare>::Data_Node&, const etl::imap<TKey, TMapped, TKeyCompare>::Data_Node&) const [with TKey = short unsigned int; TMapped = SolarGators::Drivers::Button; TKeyCompare = etl::less<short unsigned int>]	24	static
map.h:1483:10:void etl::imap<TKey, TMapped, TKeyCompare>::destroy_data_node(etl::imap<TKey, TMapped, TKeyCompare>::Data_Node&) [with TKey = short unsigned int; TMapped = SolarGators::Drivers::Button; TKeyCompare = etl::less<short unsigned int>]	16	static
move.h:74:5:constexpr _Tp&& std::forward(typename std::remove_reference<_Tp>::type&) [with _Tp = etl::imap<short unsigned int, SolarGators::Drivers::Button, etl::less<short unsigned int> >::iterator]	16	static
move.h:74:5:constexpr _Tp&& std::forward(typename std::remove_reference<_Tp>::type&) [with _Tp = bool&]	16	static
stl_pair.h:341:12:constexpr std::pair<_T1, _T2>::pair(_U1&&, _U2&&) [with _U1 = etl::imap<short unsigned int, SolarGators::Drivers::Button, etl::less<short unsigned int> >::iterator; _U2 = bool&; typename std::enable_if<(std::_PCC<true, _T1, _T2>::_MoveConstructiblePair<_U1, _U2>() && std::_PCC<true, _T1, _T2>::_ImplicitlyMoveConvertiblePair<_U1, _U2>()), bool>::type <anonymous> = true; _T1 = etl::imap<short unsigned int, SolarGators::Drivers::Button, etl::less<short unsigned int> >::iterator; _T2 = bool]	32	static
map.h:528:10:bool etl::imap<TKey, TMapped, TKeyCompare>::node_comp(etl::imap<TKey, TMapped, TKeyCompare>::key_parameter_t, const etl::imap<TKey, TMapped, TKeyCompare>::Data_Node&) const [with TKey = short unsigned int; TMapped = SolarGators::Drivers::Button; TKeyCompare = etl::less<short unsigned int>]	24	static
map.h:523:10:bool etl::imap<TKey, TMapped, TKeyCompare>::node_comp(const etl::imap<TKey, TMapped, TKeyCompare>::Data_Node&, etl::imap<TKey, TMapped, TKeyCompare>::key_parameter_t) const [with TKey = short unsigned int; TMapped = SolarGators::Drivers::Button; TKeyCompare = etl::less<short unsigned int>]	24	static
map.h:605:7:etl::imap<TKey, TMapped, TKeyCompare>::iterator::iterator(etl::imap<TKey, TMapped, TKeyCompare>&) [with TKey = short unsigned int; TMapped = SolarGators::Drivers::Button; TKeyCompare = etl::less<short unsigned int>]	16	static
map.h:787:19:bool etl::operator==(const etl::imap<short unsigned int, SolarGators::Drivers::Button, etl::less<short unsigned int> >::const_iterator&, const etl::imap<short unsigned int, SolarGators::Drivers::Button, etl::less<short unsigned int> >::const_iterator&)	16	static
map.h:1627:12:etl::map_base::Node*& etl::imap<TKey, TMapped, TKeyCompare>::find_node(etl::map_base::Node*&, const etl::map_base::Node*) [with TKey = short unsigned int; TMapped = SolarGators::Drivers::Button; TKeyCompare = etl::less<short unsigned int>]	40	static
map.h:627:17:etl::imap<TKey, TMapped, TKeyCompare>::iterator& etl::imap<TKey, TMapped, TKeyCompare>::iterator::operator++() [with TKey = short unsigned int; TMapped = SolarGators::Drivers::Button; TKeyCompare = etl::less<short unsigned int>]	16	static
map.h:772:23:const value_type& etl::imap<TKey, TMapped, TKeyCompare>::const_iterator::operator*() const [with TKey = short unsigned int; TMapped = SolarGators::Drivers::Button; TKeyCompare = etl::less<short unsigned int>]	16	static
map.h:2182:11:etl::map_base::Node* etl::imap<TKey, TMapped, TKeyCompare>::remove_node(etl::map_base::Node*&, etl::imap<TKey, TMapped, TKeyCompare>::key_parameter_t) [with TKey = short unsigned int; TMapped = SolarGators::Drivers::Button; TKeyCompare = etl::less<short unsigned int>]	72	static
ipool.h:113:8:T* etl::ipool::allocate() [with T = etl::imap<short unsigned int, SolarGators::Drivers::Button, etl::less<short unsigned int> >::Data_Node]	16	static
functional.h:132:24:constexpr bool etl::less<T>::operator()(const T&, const T&) const [with T = short unsigned int]	24	static
map.h:582:29:static const etl::imap<TKey, TMapped, TKeyCompare>::Data_Node& etl::imap<TKey, TMapped, TKeyCompare>::data_cast(const etl::map_base::Node&) [with TKey = short unsigned int; TMapped = SolarGators::Drivers::Button; TKeyCompare = etl::less<short unsigned int>]	16	static
map.h:2041:10:void etl::imap<TKey, TMapped, TKeyCompare>::next_node(etl::map_base::Node*&) [with TKey = short unsigned int; TMapped = SolarGators::Drivers::Button; TKeyCompare = etl::less<short unsigned int>]	24	static
map.h:574:29:static const etl::imap<TKey, TMapped, TKeyCompare>::Data_Node* etl::imap<TKey, TMapped, TKeyCompare>::data_cast(const etl::map_base::Node*) [with TKey = short unsigned int; TMapped = SolarGators::Drivers::Button; TKeyCompare = etl::less<short unsigned int>]	16	static
map.h:1673:11:etl::map_base::Node* etl::imap<TKey, TMapped, TKeyCompare>::find_parent_node(etl::map_base::Node*, const etl::map_base::Node*) [with TKey = short unsigned int; TMapped = SolarGators::Drivers::Button; TKeyCompare = etl::less<short unsigned int>]	40	static
