gthr-default.h:229:1:int __gthread_key_delete(__gthread_key_t)	16	static
callback_service.h:49:9:etl::callback_service<12, 42>::~callback_service()	16	static
FunctionInterruptSimulation.cpp:23:27:void __tcf_0()	8	static
FunctionInterruptSimulation.cpp:21:19:InterruptVectors& GetInterruptVectorsInstance()	8	static
FunctionInterruptSimulation.cpp:33:8:void TIM1_CC_IRQHandler()	8	static
FunctionInterruptSimulation.cpp:39:8:void TIM2_IRQHandler()	8	static
FunctionInterruptSimulation.cpp:45:8:void TIM3_IRQHandler()	8	static
FunctionInterruptSimulation.cpp:51:8:void USART1_IRQHandler()	8	static
FunctionInterruptSimulation.cpp:57:8:void USART2_IRQHandler()	8	static
FunctionInterruptSimulation.cpp:71:8:void Timer::InterruptHandler(size_t)	16	static
FunctionInterruptSimulation.cpp:80:6:void FreeTimerInterruptHandler(size_t)	16	static
FunctionInterruptSimulation.cpp:93:3:Uart::Uart(int, int)	24	static
FunctionInterruptSimulation.cpp:101:8:void Uart::InterruptHandler(size_t)	16	static
FunctionInterruptSimulation.cpp:111:6:void UnhandledInterrupt(size_t)	16	static
function.h:53:9:constexpr etl::ifunction<unsigned int>::ifunction()	16	static
FunctionInterruptSimulation.cpp:132:5:int main()	16	static
callback_service.h:138:10:void etl::callback_service<RANGE, OFFSET>::unhandled(size_t) [with unsigned int RANGE = 12; unsigned int OFFSET = 42]	16	static
callback_service.h:57:5:etl::callback_service<RANGE, OFFSET>::callback_service() [with unsigned int RANGE = 12; unsigned int OFFSET = 42]	16	static
callback_service.h:108:10:void etl::callback_service<RANGE, OFFSET>::callback() [with unsigned int ID = 42; unsigned int RANGE = 12; unsigned int OFFSET = 42]	16	static
callback_service.h:108:10:void etl::callback_service<RANGE, OFFSET>::callback() [with unsigned int ID = 43; unsigned int RANGE = 12; unsigned int OFFSET = 42]	16	static
callback_service.h:108:10:void etl::callback_service<RANGE, OFFSET>::callback() [with unsigned int ID = 44; unsigned int RANGE = 12; unsigned int OFFSET = 42]	16	static
callback_service.h:108:10:void etl::callback_service<RANGE, OFFSET>::callback() [with unsigned int ID = 52; unsigned int RANGE = 12; unsigned int OFFSET = 42]	16	static
callback_service.h:108:10:void etl::callback_service<RANGE, OFFSET>::callback() [with unsigned int ID = 53; unsigned int RANGE = 12; unsigned int OFFSET = 42]	16	static
function.h:246:14:etl::function_mp<TObject, TParameter, Function>::function_mp(TObject&) [with TObject = Uart; TParameter = unsigned int; void (TObject::* Function)(TParameter) = &Uart::InterruptHandler]	16	static
callback_service.h:85:10:void etl::callback_service<RANGE, OFFSET>::register_callback(size_t, etl::ifunction<unsigned int>&) [with unsigned int RANGE = 12; unsigned int OFFSET = 42]	24	static
function.h:59:13:etl::ifunction<TParameter>::~ifunction() [with TParameter = unsigned int]	16	static
function.h:59:13:etl::ifunction<TParameter>::~ifunction() [with TParameter = unsigned int]	16	static
function.h:371:5:etl::function_fp<TParameter, Function>::function_fp() [with TParameter = unsigned int; void (* Function)(TParameter) = FreeTimerInterruptHandler]	16	static
function.h:371:5:etl::function_fp<TParameter, Function>::function_fp() [with TParameter = unsigned int; void (* Function)(TParameter) = UnhandledInterrupt]	16	static
callback_service.h:71:10:void etl::callback_service<RANGE, OFFSET>::register_callback(etl::ifunction<unsigned int>&) [with unsigned int ID = 42; unsigned int RANGE = 12; unsigned int OFFSET = 42]	16	static
callback_service.h:71:10:void etl::callback_service<RANGE, OFFSET>::register_callback(etl::ifunction<unsigned int>&) [with unsigned int ID = 43; unsigned int RANGE = 12; unsigned int OFFSET = 42]	16	static
callback_service.h:97:10:void etl::callback_service<RANGE, OFFSET>::register_unhandled_callback(etl::ifunction<unsigned int>&) [with unsigned int RANGE = 12; unsigned int OFFSET = 42]	16	static
function.h:246:14:etl::function_mp<TObject, TParameter, Function>::function_mp(TObject&) [with TObject = etl::callback_service<12, 42>; TParameter = unsigned int; void (TObject::* Function)(TParameter) = &etl::callback_service<12, 42>::unhandled]	16	static
array.h:342:10:void etl::array<T, SIZE_>::fill(etl::array<T, SIZE_>::parameter_t) [with T = etl::ifunction<unsigned int>*; unsigned int SIZE_ = 12]	24	static
array.h:143:15:T& etl::array<T, SIZE_>::operator[](size_t) [with T = etl::ifunction<unsigned int>*; unsigned int SIZE_ = 12]	16	static
array.h:213:14:T* etl::array<T, SIZE_>::begin() [with T = etl::ifunction<unsigned int>*; unsigned int SIZE_ = 12]	16	static
array.h:237:14:T* etl::array<T, SIZE_>::end() [with T = etl::ifunction<unsigned int>*; unsigned int SIZE_ = 12]	16	static
algorithm.h:659:8:void etl::fill(TIterator, TIterator, const TValue&) [with TIterator = etl::ifunction<unsigned int>**; TValue = etl::ifunction<unsigned int>*]	24	static
stl_algobase.h:742:5:void std::fill(_ForwardIterator, _ForwardIterator, const _Tp&) [with _ForwardIterator = etl::ifunction<unsigned int>**; _Tp = etl::ifunction<unsigned int>*]	32	static
stl_algobase.h:280:5:_Iterator std::__niter_base(_Iterator) [with _Iterator = etl::ifunction<unsigned int>**]	16	static
stl_algobase.h:709:5:typename __gnu_cxx::__enable_if<std::__is_scalar<_Tp>::__value, void>::__type std::__fill_a(_ForwardIterator, _ForwardIterator, const _Tp&) [with _ForwardIterator = etl::ifunction<unsigned int>**; _Tp = etl::ifunction<unsigned int>*]	32	static
function.h:360:9:etl::function_fp<unsigned int, UnhandledInterrupt>::~function_fp()	16	static
function.h:360:9:virtual etl::function_fp<unsigned int, UnhandledInterrupt>::~function_fp()	16	static
function.h:360:9:etl::function_fp<unsigned int, FreeTimerInterruptHandler>::~function_fp()	16	static
function.h:360:9:virtual etl::function_fp<unsigned int, FreeTimerInterruptHandler>::~function_fp()	16	static
function.h:311:9:etl::function_imp<Timer, unsigned int, timer, &Timer::InterruptHandler>::~function_imp()	16	static
function.h:311:9:virtual etl::function_imp<Timer, unsigned int, timer, &Timer::InterruptHandler>::~function_imp()	16	static
function.h:235:9:etl::function_mp<Uart, unsigned int, &Uart::InterruptHandler>::~function_mp()	16	static
function.h:235:9:virtual etl::function_mp<Uart, unsigned int, &Uart::InterruptHandler>::~function_mp()	16	static
function.h:235:9:etl::function_mp<etl::callback_service<12, 42>, unsigned int, &etl::callback_service<12, 42>::unhandled>::~function_mp()	16	static
function.h:235:9:virtual etl::function_mp<etl::callback_service<12, 42>, unsigned int, &etl::callback_service<12, 42>::unhandled>::~function_mp()	16	static
FunctionInterruptSimulation.cpp:88:7:Uart::~Uart()	16	static
FunctionInterruptSimulation.cpp:149:1:void __static_initialization_and_destruction_0(int, int)	16	static
function.h:379:18:void etl::function_fp<TParameter, Function>::operator()(TParameter) const [with TParameter = unsigned int; void (* Function)(TParameter) = UnhandledInterrupt]	16	static
function.h:379:18:void etl::function_fp<TParameter, Function>::operator()(TParameter) const [with TParameter = unsigned int; void (* Function)(TParameter) = FreeTimerInterruptHandler]	16	static
function.h:322:18:void etl::function_imp<TObject, TParameter, Instance, Function>::operator()(TParameter) const [with TObject = Timer; TParameter = unsigned int; TObject& Instance = timer; void (TObject::* Function)(TParameter) = &Timer::InterruptHandler]	16	static
function.h:255:18:void etl::function_mp<TObject, TParameter, Function>::operator()(TParameter) const [with TObject = Uart; TParameter = unsigned int; void (TObject::* Function)(TParameter) = &Uart::InterruptHandler]	16	static
function.h:255:18:void etl::function_mp<TObject, TParameter, Function>::operator()(TParameter) const [with TObject = etl::callback_service<12, 42>; TParameter = unsigned int; void (TObject::* Function)(TParameter) = &etl::callback_service<12, 42>::unhandled]	16	static
FunctionInterruptSimulation.cpp:149:1:cpp)	8	static
FunctionInterruptSimulation.cpp:149:1:cpp)	8	static
