gthr-default.h:229:1:int __gthread_key_delete(__gthread_key_t)	16	static
FunctionInterruptSimulation.cpp:21:19:InterruptVectors& GetInterruptVectorsInstance()	8	static
FunctionInterruptSimulation.cpp:33:8:void TIM1_CC_IRQHandler()	8	static
FunctionInterruptSimulation.cpp:39:8:void TIM2_IRQHandler()	8	static
FunctionInterruptSimulation.cpp:45:8:void TIM3_IRQHandler()	8	static
FunctionInterruptSimulation.cpp:51:8:void USART1_IRQHandler()	8	static
FunctionInterruptSimulation.cpp:57:8:void USART2_IRQHandler()	8	static
FunctionInterruptSimulation.cpp:71:8:void Timer::InterruptHandler(size_t)	16	static
FunctionInterruptSimulation.cpp:80:6:void FreeTimerInterruptHandler(size_t)	16	static
FunctionInterruptSimulation.cpp:93:3:Uart::Uart(int, size_t)	24	static
FunctionInterruptSimulation.cpp:101:8:void Uart::InterruptHandler(size_t)	16	static
FunctionInterruptSimulation.cpp:111:6:void UnhandledInterrupt(size_t)	16	static
delegate_cpp11.h:390:7:)>::invocation_element::invocation_element() [with TReturn = void; TParams = {unsigned int}]	16	static
delegate_cpp11.h:419:21:)>::stub_type) [with TReturn = void; TParams = {unsigned int}]	24	static
FunctionInterruptSimulation.cpp:132:5:int main()	16	static
array.h:87:9:constexpr etl::array<etl::delegate<void(unsigned int)>, 12>::array()	16	static
delegate_cpp11.h:158:37:) const = &etl::delegate_service<12, 42>::unhandled; TReturn = void; TParams = {unsigned int}]	16	static
delegate_service.h:115:5:etl::delegate_service<Range, Offset, 0>::delegate_service() [with unsigned int Range = 12; unsigned int Offset = 42]	32	static
delegate_service.h:166:10:void etl::delegate_service<Range, Offset, 0>::call() const [with unsigned int Id = 42; unsigned int Range = 12; unsigned int Offset = 42]	16	static
delegate_service.h:166:10:void etl::delegate_service<Range, Offset, 0>::call() const [with unsigned int Id = 43; unsigned int Range = 12; unsigned int Offset = 42]	16	static
delegate_service.h:166:10:void etl::delegate_service<Range, Offset, 0>::call() const [with unsigned int Id = 44; unsigned int Range = 12; unsigned int Offset = 42]	16	static
delegate_service.h:166:10:void etl::delegate_service<Range, Offset, 0>::call() const [with unsigned int Id = 52; unsigned int Range = 12; unsigned int Offset = 42]	16	static
delegate_service.h:166:10:void etl::delegate_service<Range, Offset, 0>::call() const [with unsigned int Id = 53; unsigned int Range = 12; unsigned int Offset = 42]	16	static
delegate_cpp11.h:142:37:) = &Uart::InterruptHandler; TReturn = void; TParams = {unsigned int}]	16	static
delegate_service.h:143:10:void etl::delegate_service<Range, Offset, 0>::register_delegate(size_t, etl::delegate_service<Range, Offset, 0>::delegate_type) [with unsigned int Range = 12; unsigned int Offset = 42]	24	static
delegate_cpp11.h:467:36:) = &Timer::InterruptHandler; TReturn = void; TParams = {unsigned int}]	16	static
delegate_cpp11.h:496:36:) = FreeTimerInterruptHandler; TReturn = void; TParams = {unsigned int}]	16	static
delegate_cpp11.h:496:36:) = UnhandledInterrupt; TReturn = void; TParams = {unsigned int}]	16	static
delegate_service.h:129:10:void etl::delegate_service<Range, Offset, 0>::register_delegate(etl::delegate_service<Range, Offset, 0>::delegate_type) [with unsigned int Id = 42; unsigned int Range = 12; unsigned int Offset = 42]	24	static
delegate_service.h:129:10:void etl::delegate_service<Range, Offset, 0>::register_delegate(etl::delegate_service<Range, Offset, 0>::delegate_type) [with unsigned int Id = 43; unsigned int Range = 12; unsigned int Offset = 42]	24	static
delegate_service.h:155:10:void etl::delegate_service<Range, Offset, 0>::register_unhandled_delegate(etl::delegate_service<Range, Offset, 0>::delegate_type) [with unsigned int Range = 12; unsigned int Offset = 42]	24	static
delegate_cpp11.h:102:21:)>::delegate() [with TReturn = void; TParams = {unsigned int}]	16	static
delegate_service.h:198:10:void etl::delegate_service<Range, Offset, 0>::unhandled(size_t) const [with unsigned int Range = 12; unsigned int Offset = 42]	16	static
delegate_cpp11.h:457:36:) const = &etl::delegate_service<12, 42>::unhandled; TReturn = void; TParams = {unsigned int}]	24	static
array.h:342:10:void etl::array<T, SIZE_>::fill(etl::array<T, SIZE_>::parameter_t) [with T = etl::delegate<void(unsigned int)>; unsigned int SIZE_ = 12]	24	static
array.h:153:35:constexpr const T& etl::array<T, SIZE_>::operator[](size_t) const [with T = etl::delegate<void(unsigned int)>; unsigned int SIZE_ = 12]	16	static
delegate_cpp11.h:368:26:)>::is_valid() const [with TReturn = void; TParams = {unsigned int}]	16	static
delegate_cpp11.h:256:13:) const [with TReturn = void; TParams = {unsigned int}]	24	static
delegate_cpp11.h:447:36:) = &Uart::InterruptHandler; TReturn = void; TParams = {unsigned int}]	24	static
array.h:143:15:T& etl::array<T, SIZE_>::operator[](size_t) [with T = etl::delegate<void(unsigned int)>; unsigned int SIZE_ = 12]	16	static
utility.h:60:17:constexpr T&& etl::forward(typename etl::remove_reference<T>::type&) [with T = unsigned int]	16	static
array.h:213:14:T* etl::array<T, SIZE_>::begin() [with T = etl::delegate<void(unsigned int)>; unsigned int SIZE_ = 12]	16	static
array.h:237:14:T* etl::array<T, SIZE_>::end() [with T = etl::delegate<void(unsigned int)>; unsigned int SIZE_ = 12]	16	static
algorithm.h:659:8:void etl::fill(TIterator, TIterator, const TValue&) [with TIterator = etl::delegate<void(unsigned int)>*; TValue = etl::delegate<void(unsigned int)>]	24	static
stl_algobase.h:742:5:void std::fill(_ForwardIterator, _ForwardIterator, const _Tp&) [with _ForwardIterator = etl::delegate<void(unsigned int)>*; _Tp = etl::delegate<void(unsigned int)>]	32	static
stl_algobase.h:280:5:_Iterator std::__niter_base(_Iterator) [with _Iterator = etl::delegate<void(unsigned int)>*]	16	static
stl_algobase.h:699:5:typename __gnu_cxx::__enable_if<(! std::__is_scalar<_Tp>::__value), void>::__type std::__fill_a(_ForwardIterator, _ForwardIterator, const _Tp&) [with _ForwardIterator = etl::delegate<void(unsigned int)>*; _Tp = etl::delegate<void(unsigned int)>]	24	static
FunctionInterruptSimulation.cpp:149:1:void __static_initialization_and_destruction_0(int, int)	16	static
FunctionInterruptSimulation.cpp:149:1:cpp)	8	static
FunctionInterruptSimulation.cpp:149:1:cpp)	8	static
