gthr-default.h:229:1:int __gthread_key_delete(__gthread_key_t)	16	static
std_function.h:255:5:std::_Function_base::_Function_base()	16	static
std_function.h:257:5:std::_Function_base::~_Function_base()	16	static
std_function.h:263:10:bool std::_Function_base::_M_empty() const	16	static
std_function.h:369:11:std::function<void()>::~function()	16	static
Button.cpp:13:1:SolarGators::Drivers::Button::Button(const char*, GPIO_TypeDef*, uint16_t, uint16_t, GPIO_PinState)	24	static
Button.cpp:19:1:SolarGators::Drivers::Button::~Button()	16	static
Button.cpp:23:15:GPIO_PinState SolarGators::Drivers::Button::ReadPin()	16	static
Button.cpp:28:6:void SolarGators::Drivers::Button::HandlePress()	24	static
Button.cpp:48:6:void SolarGators::Drivers::Button::Debounce()	16	static
std_function.h:396:7:)>::function() [with _Res = void; _ArgTypes = {}]	16	static
std_function.h:564:16:)>::operator bool() const [with _Res = void; _ArgTypes = {}]	16	static
std_function.h:683:5:) const [with _Res = void; _ArgTypes = {}]	16	static
