MPU6050.cpp:13:1:SolarGators::Drivers::MPU6050::MPU6050(I2C_HandleTypeDef*, uint8_t)	24	static
MPU6050.cpp:16:1:SolarGators::Drivers::MPU6050::~MPU6050()	16	static
MPU6050.cpp:16:1:virtual SolarGators::Drivers::MPU6050::~MPU6050()	16	static
MPU6050.cpp:19:9:uint8_t SolarGators::Drivers::MPU6050::Init()	48	static
MPU6050.cpp:51:6:void SolarGators::Drivers::MPU6050::ReadAccel()	48	static
MPU6050.cpp:63:6:void SolarGators::Drivers::MPU6050::ReadGyro()	48	static
MPU6050.cpp:75:6:void SolarGators::Drivers::MPU6050::ReadTemp()	48	static
MPU6050.cpp:87:6:void SolarGators::Drivers::MPU6050::ReadAll()	56	static
MPU6050.cpp:104:12:SolarGators::Drivers::point_3d_t SolarGators::Drivers::MPU6050::GetRawAccel()	16	static
MPU6050.cpp:109:13:SolarGators::Drivers::fpoint_3d_t SolarGators::Drivers::MPU6050::GetAdjAccel()	16	static
MPU6050.cpp:114:12:SolarGators::Drivers::point_3d_t SolarGators::Drivers::MPU6050::GetLastAccel()	16	static
MPU6050.cpp:118:13:SolarGators::Drivers::fpoint_3d_t SolarGators::Drivers::MPU6050::GetLastAdjAccel()	16	static
MPU6050.cpp:133:12:SolarGators::Drivers::point_3d_t SolarGators::Drivers::MPU6050::GetRawGyro()	16	static
MPU6050.cpp:138:13:SolarGators::Drivers::fpoint_3d_t SolarGators::Drivers::MPU6050::GetAdjGyro()	16	static
MPU6050.cpp:143:12:SolarGators::Drivers::point_3d_t SolarGators::Drivers::MPU6050::GetLastGyro()	16	static
MPU6050.cpp:148:13:SolarGators::Drivers::fpoint_3d_t SolarGators::Drivers::MPU6050::GetLastAdjGyro()	16	static
