new:173:33:void* operator new(std::size_t, void*)	16	static
gthr-default.h:229:1:int __gthread_key_delete(__gthread_key_t)	16	static
vector_base.h:150:5:etl::vector_base::vector_base(size_t)	16	static
vector_base.h:165:5:etl::vector_base::~vector_base()	16	static
main.cpp:39:8:virtual void Event_Handler1::notification(const Position&)	16	static
main.cpp:45:8:virtual void Event_Handler1::notification(Button)	16	static
main.cpp:51:8:virtual void Event_Handler1::notification(Wheel)	16	static
main.cpp:63:8:virtual void Event_Handler2::notification(const Position&)	16	static
main.cpp:69:8:virtual void Event_Handler2::notification(Button)	16	static
main.cpp:75:8:virtual void Event_Handler2::notification(Wheel)	16	static
main.cpp:89:8:void Mouse_Driver::Position_Event()	32	static
main.cpp:96:8:void Mouse_Driver::Button_Event_Up()	24	static
main.cpp:103:8:void Mouse_Driver::Button_Event_Down()	24	static
main.cpp:110:8:void Mouse_Driver::Wheel_Event_Up()	24	static
main.cpp:117:8:void Mouse_Driver::Wheel_Event_Down()	24	static
observer.h:99:9:etl::observable<etl::observer<const Position&, Button, Wheel>, 2>::observable()	16	static
main.cpp:84:7:Mouse_Driver::Mouse_Driver()	16	static
main.cpp:84:7:Mouse_Driver::~Mouse_Driver()	16	static
observer.h:324:13:etl::observer<T1>::~observer() [with T1 = const Position&]	16	static
observer.h:324:13:etl::observer<T1>::~observer() [with T1 = const Position&]	16	static
observer.h:324:13:etl::observer<T1>::~observer() [with T1 = Button]	16	static
observer.h:324:13:etl::observer<T1>::~observer() [with T1 = Button]	16	static
observer.h:324:13:etl::observer<T1>::~observer() [with T1 = Wheel]	16	static
observer.h:324:13:etl::observer<T1>::~observer() [with T1 = Wheel]	16	static
observer.h:307:9:etl::observer<Button, Wheel>::~observer()	16	static
observer.h:307:9:virtual etl::observer<Button, Wheel>::~observer()	16	static
observer.h:307:9:etl::observer<const Position&, Button, Wheel>::~observer()	16	static
observer.h:307:9:virtual etl::observer<const Position&, Button, Wheel>::~observer()	16	static
main.cpp:124:5:int main()	80	static
observer.h:242:10:void etl::observable<TObserver, MAX_OBSERVERS>::notify_observers(TNotification&&) [with TNotification = Position&; TObserver = etl::observer<const Position&, Button, Wheel>; unsigned int MAX_OBSERVERS = 2]	32	static
observer.h:242:10:void etl::observable<TObserver, MAX_OBSERVERS>::notify_observers(TNotification&&) [with TNotification = Button&; TObserver = etl::observer<const Position&, Button, Wheel>; unsigned int MAX_OBSERVERS = 2]	32	static
observer.h:242:10:void etl::observable<TObserver, MAX_OBSERVERS>::notify_observers(TNotification&&) [with TNotification = Wheel&; TObserver = etl::observer<const Position&, Button, Wheel>; unsigned int MAX_OBSERVERS = 2]	32	static
vector.h:79:9:etl::ivector<etl::observable<etl::observer<const Position&, Button, Wheel>, 2>::observer_item>::~ivector()	16	static
vector.h:1191:5:etl::vector<T, MAX_SIZE_>::vector() [with T = etl::observable<etl::observer<const Position&, Button, Wheel>, 2>::observer_item; unsigned int MAX_SIZE_ = 2]	16	static
vector.h:1313:5:etl::vector<T, MAX_SIZE_>::~vector() [with T = etl::observable<etl::observer<const Position&, Button, Wheel>, 2>::observer_item; unsigned int MAX_SIZE_ = 2]	16	static
observer.h:281:5:etl::observable<TObserver, MAX_OBSERVERS>::~observable() [with TObserver = etl::observer<const Position&, Button, Wheel>; unsigned int MAX_OBSERVERS = 2]	16	static
observer.h:148:10:void etl::observable<TObserver, MAX_OBSERVERS>::add_observer(TObserver&) [with TObserver = etl::observer<const Position&, Button, Wheel>; unsigned int MAX_OBSERVERS = 2]	40	static
vector.h:108:14:T* etl::ivector<T>::begin() [with T = etl::observable<etl::observer<const Position&, Button, Wheel>, 2>::observer_item]	16	static
vector.h:126:14:T* etl::ivector<T>::end() [with T = etl::observable<etl::observer<const Position&, Button, Wheel>, 2>::observer_item]	16	static
utility.h:60:17:constexpr T&& etl::forward(typename etl::remove_reference<T>::type&) [with T = Position&]	16	static
utility.h:60:17:constexpr T&& etl::forward(typename etl::remove_reference<T>::type&) [with T = Button&]	16	static
utility.h:60:17:constexpr T&& etl::forward(typename etl::remove_reference<T>::type&) [with T = Wheel&]	16	static
vector.h:997:5:etl::ivector<T>::ivector(T*, size_t) [with T = etl::observable<etl::observer<const Position&, Button, Wheel>, 2>::observer_item]	24	static
vector.h:1007:10:void etl::ivector<T>::initialise() [with T = etl::observable<etl::observer<const Position&, Button, Wheel>, 2>::observer_item]	16	static
vector.h:421:10:void etl::ivector<T>::clear() [with T = etl::observable<etl::observer<const Position&, Button, Wheel>, 2>::observer_item]	16	static
observer.h:291:38:typename etl::observable<TObserver, MAX_OBSERVERS>::Observer_List::iterator etl::observable<TObserver, MAX_OBSERVERS>::find_observer(TObserver&) [with TObserver = etl::observer<const Position&, Button, Wheel>; unsigned int MAX_OBSERVERS = 2]	32	static
vector.h:971:10:bool etl::ivector<T>::full() const [with T = etl::observable<etl::observer<const Position&, Button, Wheel>, 2>::observer_item]	16	static
observer.h:108:7:etl::observable<TObserver, MAX_OBSERVERS>::observer_item::observer_item(TObserver&) [with TObserver = etl::observer<const Position&, Button, Wheel>; unsigned int MAX_OBSERVERS = 2]	16	static
vector.h:445:10:void etl::ivector<T>::push_back(etl::ivector<T>::rvalue_reference) [with T = etl::observable<etl::observer<const Position&, Button, Wheel>, 2>::observer_item]	16	static
memory.h:1025:5:typename etl::enable_if<etl::is_trivially_destructible<typename etl::iterator_traits<TIterator>::value_type>::value, void>::type etl::destroy(TIterator, TIterator) [with TIterator = etl::observable<etl::observer<const Position&, Button, Wheel>, 2>::observer_item*]	16	static
observer.h:123:7:etl::observable<TObserver, MAX_OBSERVERS>::compare_observers::compare_observers(TObserver&) [with TObserver = etl::observer<const Position&, Button, Wheel>; unsigned int MAX_OBSERVERS = 2]	16	static
algorithm.h:600:13:TIterator etl::find_if(TIterator, TIterator, TUnaryPredicate) [with TIterator = etl::observable<etl::observer<const Position&, Button, Wheel>, 2>::observer_item*; TUnaryPredicate = etl::observable<etl::observer<const Position&, Button, Wheel>, 2>::compare_observers]	24	static
vector.h:953:15:etl::ivector<T>::size_type etl::ivector<T>::size() const [with T = etl::observable<etl::observer<const Position&, Button, Wheel>, 2>::observer_item]	16	static
utility.h:53:55:constexpr typename etl::remove_reference<T>::type&& etl::move(T&&) [with T = etl::observable<etl::observer<const Position&, Button, Wheel>, 2>::observer_item&]	16	static
vector.h:1056:10:void etl::ivector<T>::create_back(etl::ivector<T>::rvalue_reference) [with T = etl::observable<etl::observer<const Position&, Button, Wheel>, 2>::observer_item]	24	static
stl_algo.h:3954:5:_IIter std::find_if(_IIter, _IIter, _Predicate) [with _IIter = etl::observable<etl::observer<const Position&, Button, Wheel>, 2>::observer_item*; _Predicate = etl::observable<etl::observer<const Position&, Button, Wheel>, 2>::compare_observers]	24	static
memory.h:1670:8:void etl::create_copy_at(T*, T&&) [with T = etl::observable<etl::observer<const Position&, Button, Wheel>, 2>::observer_item]	24	static
predefined_ops.h:288:5:__gnu_cxx::__ops::_Iter_pred<_Predicate> __gnu_cxx::__ops::__pred_iter(_Predicate) [with _Predicate = etl::observable<etl::observer<const Position&, Button, Wheel>, 2>::compare_observers]	24	static
stl_algo.h:159:5:_Iterator std::__find_if(_Iterator, _Iterator, _Predicate) [with _Iterator = etl::observable<etl::observer<const Position&, Button, Wheel>, 2>::observer_item*; _Predicate = __gnu_cxx::__ops::_Iter_pred<etl::observable<etl::observer<const Position&, Button, Wheel>, 2>::compare_observers>]	40	static
move.h:99:5:constexpr typename std::remove_reference<_Tp>::type&& std::move(_Tp&&) [with _Tp = etl::observable<etl::observer<const Position&, Button, Wheel>, 2>::compare_observers&]	16	static
predefined_ops.h:276:7:__gnu_cxx::__ops::_Iter_pred<_Predicate>::_Iter_pred(_Predicate) [with _Predicate = etl::observable<etl::observer<const Position&, Button, Wheel>, 2>::compare_observers]	16	static
stl_iterator_base_types.h:205:5:constexpr typename std::iterator_traits<_Iterator>::iterator_category std::__iterator_category(const _Iter&) [with _Iter = etl::observable<etl::observer<const Position&, Button, Wheel>, 2>::observer_item*]	16	static
stl_algo.h:112:5:_RandomAccessIterator std::__find_if(_RandomAccessIterator, _RandomAccessIterator, _Predicate, std::random_access_iterator_tag) [with _RandomAccessIterator = etl::observable<etl::observer<const Position&, Button, Wheel>, 2>::observer_item*; _Predicate = __gnu_cxx::__ops::_Iter_pred<etl::observable<etl::observer<const Position&, Button, Wheel>, 2>::compare_observers>]	32	static
predefined_ops.h:282:2:bool __gnu_cxx::__ops::_Iter_pred<_Predicate>::operator()(_Iterator) [with _Iterator = etl::observable<etl::observer<const Position&, Button, Wheel>, 2>::observer_item*; _Predicate = etl::observable<etl::observer<const Position&, Button, Wheel>, 2>::compare_observers]	16	static
observer.h:128:12:bool etl::observable<TObserver, MAX_OBSERVERS>::compare_observers::operator()(const etl::observable<TObserver, MAX_OBSERVERS>::observer_item&) const [with TObserver = etl::observer<const Position&, Button, Wheel>; unsigned int MAX_OBSERVERS = 2]	16	static
main.cpp:58:7:Event_Handler2::~Event_Handler2()	16	static
main.cpp:58:7:virtual Event_Handler2::~Event_Handler2()	16	static
main.cpp:34:7:Event_Handler1::~Event_Handler1()	16	static
main.cpp:34:7:virtual Event_Handler1::~Event_Handler1()	16	static
main.cpp:142:1:void __static_initialization_and_destruction_0(int, int)	16	static
main.cpp:142:1:cpp)	8	static
main.cpp:142:1:cpp)	8	static
